
===========================================================================
report_checks -unconstrained
===========================================================================
======================= Typical Corner ===================================

Startpoint: rst (input port clocked by clk)
Endpoint: _3502_ (recovery check against rising-edge clock clk)
Path Group: asynchronous
Path Type: max

Fanout     Cap    Slew   Delay    Time   Description
-----------------------------------------------------------------------------
                          0.00    0.00   clock clk (rise edge)
                          0.00    0.00   clock network delay (propagated)
                          1.60    1.60 v input external delay
                  0.01    0.00    1.60 v rst (in)
     1    0.00                           rst (net)
                  0.01    0.00    1.60 v input1/A (sky130_fd_sc_hd__buf_2)
                  0.11    0.19    1.79 v input1/X (sky130_fd_sc_hd__buf_2)
     3    0.04                           net1 (net)
                  0.11    0.01    1.80 v _2113_/A (sky130_fd_sc_hd__clkbuf_4)
                  0.09    0.23    2.03 v _2113_/X (sky130_fd_sc_hd__clkbuf_4)
    10    0.04                           _1028_ (net)
                  0.09    0.00    2.03 v _3003_/A (sky130_fd_sc_hd__clkbuf_8)
                  0.10    0.23    2.25 v _3003_/X (sky130_fd_sc_hd__clkbuf_8)
    10    0.08                           _1488_ (net)
                  0.10    0.01    2.27 v _3006_/A (sky130_fd_sc_hd__inv_2)
                  0.04    0.07    2.34 ^ _3006_/Y (sky130_fd_sc_hd__inv_2)
     1    0.00                           _0042_ (net)
                  0.04    0.00    2.34 ^ _3502_/RESET_B (sky130_fd_sc_hd__dfrtp_4)
                                  2.34   data arrival time

                          8.00    8.00   clock clk (rise edge)
                          0.00    8.00   clock source latency
                  0.27    0.18    8.18 ^ clk (in)
     2    0.06                           clk (net)
                  0.27    0.00    8.18 ^ clkbuf_0_clk/A (sky130_fd_sc_hd__clkbuf_16)
                  0.10    0.23    8.41 ^ clkbuf_0_clk/X (sky130_fd_sc_hd__clkbuf_16)
     4    0.08                           clknet_0_clk (net)
                  0.10    0.00    8.41 ^ clkbuf_2_1__f_clk/A (sky130_fd_sc_hd__clkbuf_16)
                  0.17    0.23    8.65 ^ clkbuf_2_1__f_clk/X (sky130_fd_sc_hd__clkbuf_16)
    12    0.16                           clknet_2_1__leaf_clk (net)
                  0.17    0.00    8.65 ^ clkbuf_leaf_9_clk/A (sky130_fd_sc_hd__clkbuf_16)
                  0.05    0.17    8.82 ^ clkbuf_leaf_9_clk/X (sky130_fd_sc_hd__clkbuf_16)
     9    0.03                           clknet_leaf_9_clk (net)
                  0.05    0.00    8.82 ^ _3502_/CLK (sky130_fd_sc_hd__dfrtp_4)
                         -0.25    8.57   clock uncertainty
                          0.00    8.57   clock reconvergence pessimism
                          0.22    8.79   library recovery time
                                  8.79   data required time
-----------------------------------------------------------------------------
                                  8.79   data required time
                                 -2.34   data arrival time
-----------------------------------------------------------------------------
                                  6.44   slack (MET)


Startpoint: _3481_ (rising edge-triggered flip-flop clocked by clk)
Endpoint: dbg_icache_hit (output port clocked by clk)
Path Group: clk
Path Type: max

Fanout     Cap    Slew   Delay    Time   Description
-----------------------------------------------------------------------------
                          0.00    0.00   clock clk (rise edge)
                          0.00    0.00   clock source latency
                  0.27    0.20    0.20 ^ clk (in)
     2    0.06                           clk (net)
                  0.27    0.00    0.20 ^ clkbuf_0_clk/A (sky130_fd_sc_hd__clkbuf_16)
                  0.10    0.26    0.45 ^ clkbuf_0_clk/X (sky130_fd_sc_hd__clkbuf_16)
     4    0.08                           clknet_0_clk (net)
                  0.10    0.00    0.46 ^ clkbuf_2_2__f_clk/A (sky130_fd_sc_hd__clkbuf_16)
                  0.17    0.26    0.71 ^ clkbuf_2_2__f_clk/X (sky130_fd_sc_hd__clkbuf_16)
    12    0.16                           clknet_2_2__leaf_clk (net)
                  0.17    0.01    0.72 ^ clkbuf_leaf_30_clk/A (sky130_fd_sc_hd__clkbuf_16)
                  0.05    0.19    0.90 ^ clkbuf_leaf_30_clk/X (sky130_fd_sc_hd__clkbuf_16)
     8    0.03                           clknet_leaf_30_clk (net)
                  0.05    0.00    0.91 ^ _3481_/CLK (sky130_fd_sc_hd__dfrtp_1)
                  0.06    0.40    1.31 v _3481_/Q (sky130_fd_sc_hd__dfrtp_1)
     2    0.01                           net27 (net)
                  0.06    0.00    1.31 v fanout47/A (sky130_fd_sc_hd__buf_2)
                  0.07    0.18    1.49 v fanout47/X (sky130_fd_sc_hd__buf_2)
    10    0.03                           net47 (net)
                  0.07    0.00    1.49 v _1552_/A (sky130_fd_sc_hd__buf_2)
                  0.08    0.19    1.69 v _1552_/X (sky130_fd_sc_hd__buf_2)
    10    0.03                           _0519_ (net)
                  0.08    0.00    1.69 v _1689_/B (sky130_fd_sc_hd__nor4b_1)
                  0.45    0.47    2.16 ^ _1689_/Y (sky130_fd_sc_hd__nor4b_1)
     2    0.01                           _0622_ (net)
                  0.45    0.00    2.16 ^ _1690_/A (sky130_fd_sc_hd__buf_4)
                  0.24    0.37    2.53 ^ _1690_/X (sky130_fd_sc_hd__buf_4)
    10    0.09                           _0623_ (net)
                  0.24    0.00    2.53 ^ _1691_/A (sky130_fd_sc_hd__buf_4)
                  0.26    0.33    2.87 ^ _1691_/X (sky130_fd_sc_hd__buf_4)
    10    0.09                           _0624_ (net)
                  0.26    0.01    2.88 ^ _1925_/A2 (sky130_fd_sc_hd__a22o_1)
                  0.06    0.20    3.08 ^ _1925_/X (sky130_fd_sc_hd__a22o_1)
     1    0.00                           _0846_ (net)
                  0.06    0.00    3.08 ^ _1926_/D (sky130_fd_sc_hd__or4_4)
                  0.06    0.14    3.22 ^ _1926_/X (sky130_fd_sc_hd__or4_4)
     1    0.02                           _0847_ (net)
                  0.06    0.00    3.22 ^ _1927_/B2 (sky130_fd_sc_hd__o22ai_4)
                  0.08    0.09    3.32 v _1927_/Y (sky130_fd_sc_hd__o22ai_4)
     2    0.02                           _0848_ (net)
                  0.08    0.00    3.32 v _1991_/A2 (sky130_fd_sc_hd__a2111oi_2)
                  0.29    0.40    3.71 ^ _1991_/Y (sky130_fd_sc_hd__a2111oi_2)
     1    0.00                           _0912_ (net)
                  0.29    0.00    3.71 ^ wire35/A (sky130_fd_sc_hd__clkbuf_1)
                  0.08    0.16    3.87 ^ wire35/X (sky130_fd_sc_hd__clkbuf_1)
     1    0.01                           net35 (net)
                  0.08    0.00    3.87 ^ wire34/A (sky130_fd_sc_hd__clkbuf_1)
                  0.07    0.11    3.98 ^ wire34/X (sky130_fd_sc_hd__clkbuf_1)
     1    0.00                           net34 (net)
                  0.07    0.00    3.98 ^ _1992_/D (sky130_fd_sc_hd__and4_1)
                  0.08    0.22    4.20 ^ _1992_/X (sky130_fd_sc_hd__and4_1)
     1    0.01                           _0913_ (net)
                  0.08    0.00    4.20 ^ _2099_/C (sky130_fd_sc_hd__and4_1)
                  0.27    0.38    4.58 ^ _2099_/X (sky130_fd_sc_hd__and4_1)
     3    0.03                           _1020_ (net)
                  0.27    0.00    4.58 ^ _2111_/A (sky130_fd_sc_hd__and2_4)
                  0.12    0.28    4.86 ^ _2111_/X (sky130_fd_sc_hd__and2_4)
     1    0.04                           _1027_ (net)
                  0.12    0.01    4.87 ^ _2112_/A (sky130_fd_sc_hd__buf_8)
                  0.09    0.16    5.03 ^ _2112_/X (sky130_fd_sc_hd__buf_8)
     1    0.05                           net2 (net)
                  0.10    0.01    5.05 ^ output2/A (sky130_fd_sc_hd__buf_8)
                  0.07    0.14    5.19 ^ output2/X (sky130_fd_sc_hd__buf_8)
     1    0.03                           dbg_icache_hit (net)
                  0.07    0.00    5.19 ^ dbg_icache_hit (out)
                                  5.19   data arrival time

                          8.00    8.00   clock clk (rise edge)
                          0.00    8.00   clock network delay (propagated)
                         -0.25    7.75   clock uncertainty
                          0.00    7.75   clock reconvergence pessimism
                         -1.60    6.15   output external delay
                                  6.15   data required time
-----------------------------------------------------------------------------
                                  6.15   data required time
                                 -5.19   data arrival time
-----------------------------------------------------------------------------
                                  0.96   slack (MET)




===========================================================================
report_checks --slack_max -0.01
============================================================================
======================= Typical Corner ===================================

No paths found.


===========================================================================
 report_check_types -max_slew -max_cap -max_fanout -violators
============================================================================
======================= Typical Corner ===================================

max fanout

Pin                                   Limit Fanout  Slack
---------------------------------------------------------
clkbuf_leaf_0_clk/X                      10     18     -8 (VIOLATED)
clkbuf_leaf_12_clk/X                     10     17     -7 (VIOLATED)
rebuffer4/X                              10     16     -6 (VIOLATED)
split1/X                                 10     16     -6 (VIOLATED)
clkbuf_leaf_39_clk/X                     10     14     -4 (VIOLATED)
clkbuf_leaf_3_clk/X                      10     14     -4 (VIOLATED)
clkbuf_leaf_41_clk/X                     10     14     -4 (VIOLATED)
clkbuf_leaf_45_clk/X                     10     14     -4 (VIOLATED)
clkbuf_leaf_14_clk/X                     10     13     -3 (VIOLATED)
clkbuf_leaf_21_clk/X                     10     13     -3 (VIOLATED)
clkbuf_leaf_34_clk/X                     10     13     -3 (VIOLATED)
clkbuf_leaf_42_clk/X                     10     13     -3 (VIOLATED)
clkbuf_2_1__f_clk/X                      10     12     -2 (VIOLATED)
clkbuf_2_2__f_clk/X                      10     12     -2 (VIOLATED)
clkbuf_2_3__f_clk/X                      10     12     -2 (VIOLATED)
clkbuf_leaf_13_clk/X                     10     12     -2 (VIOLATED)
clkbuf_leaf_16_clk/X                     10     12     -2 (VIOLATED)
clkbuf_leaf_20_clk/X                     10     12     -2 (VIOLATED)
rebuffer2/X                              10     12     -2 (VIOLATED)
_1785_/X                                 10     11        (VIOLATED)
_1801_/X                                 10     11        (VIOLATED)
clkbuf_2_0__f_clk/X                      10     11        (VIOLATED)
clkbuf_leaf_28_clk/X                     10     11        (VIOLATED)
clkbuf_leaf_36_clk/X                     10     11        (VIOLATED)
clkbuf_leaf_44_clk/X                     10     11        (VIOLATED)



===========================================================================
report_parasitic_annotation -report_unannotated
============================================================================
Found 68 unannotated drivers.
 riscv_pipeline_100/HI
 riscv_pipeline_101/HI
 riscv_pipeline_102/HI
 riscv_pipeline_103/HI
 riscv_pipeline_104/HI
 riscv_pipeline_105/HI
 riscv_pipeline_106/HI
 riscv_pipeline_107/HI
 riscv_pipeline_108/HI
 riscv_pipeline_109/HI
 riscv_pipeline_110/HI
 riscv_pipeline_111/HI
 riscv_pipeline_112/HI
 riscv_pipeline_113/HI
 riscv_pipeline_114/HI
 riscv_pipeline_115/HI
 riscv_pipeline_48/HI
 riscv_pipeline_49/HI
 riscv_pipeline_50/HI
 riscv_pipeline_51/HI
 riscv_pipeline_52/HI
 riscv_pipeline_53/HI
 riscv_pipeline_54/HI
 riscv_pipeline_55/HI
 riscv_pipeline_56/HI
 riscv_pipeline_57/HI
 riscv_pipeline_58/HI
 riscv_pipeline_59/HI
 riscv_pipeline_60/HI
 riscv_pipeline_61/HI
 riscv_pipeline_62/HI
 riscv_pipeline_63/HI
 riscv_pipeline_64/HI
 riscv_pipeline_65/HI
 riscv_pipeline_66/HI
 riscv_pipeline_67/HI
 riscv_pipeline_68/HI
 riscv_pipeline_69/HI
 riscv_pipeline_70/HI
 riscv_pipeline_71/HI
 riscv_pipeline_72/HI
 riscv_pipeline_73/HI
 riscv_pipeline_74/HI
 riscv_pipeline_75/HI
 riscv_pipeline_76/HI
 riscv_pipeline_77/HI
 riscv_pipeline_78/HI
 riscv_pipeline_79/HI
 riscv_pipeline_80/HI
 riscv_pipeline_81/HI
 riscv_pipeline_82/HI
 riscv_pipeline_83/HI
 riscv_pipeline_84/HI
 riscv_pipeline_85/HI
 riscv_pipeline_86/HI
 riscv_pipeline_87/HI
 riscv_pipeline_88/HI
 riscv_pipeline_89/HI
 riscv_pipeline_90/HI
 riscv_pipeline_91/HI
 riscv_pipeline_92/HI
 riscv_pipeline_93/HI
 riscv_pipeline_94/HI
 riscv_pipeline_95/HI
 riscv_pipeline_96/HI
 riscv_pipeline_97/HI
 riscv_pipeline_98/HI
 riscv_pipeline_99/HI
Found 0 partially unannotated drivers.

===========================================================================
max slew violation count 0
max fanout violation count 25
max cap violation count 0
============================================================================

===========================================================================
check_setup -verbose -unconstrained_endpoints -multiple_clock -no_clock -no_input_delay -loops -generated_clocks
===========================================================================
Warning: There are 68 unconstrained endpoints.
  dbg_branch_resolved
  dbg_instr[0]
  dbg_instr[10]
  dbg_instr[11]
  dbg_instr[12]
  dbg_instr[13]
  dbg_instr[14]
  dbg_instr[15]
  dbg_instr[16]
  dbg_instr[17]
  dbg_instr[18]
  dbg_instr[19]
  dbg_instr[1]
  dbg_instr[20]
  dbg_instr[21]
  dbg_instr[22]
  dbg_instr[23]
  dbg_instr[24]
  dbg_instr[25]
  dbg_instr[26]
  dbg_instr[27]
  dbg_instr[28]
  dbg_instr[29]
  dbg_instr[2]
  dbg_instr[30]
  dbg_instr[31]
  dbg_instr[3]
  dbg_instr[4]
  dbg_instr[5]
  dbg_instr[6]
  dbg_instr[7]
  dbg_instr[8]
  dbg_instr[9]
  dbg_mispredict
  dbg_pc[0]
  dbg_pc[1]
  dbg_wb_data[0]
  dbg_wb_data[10]
  dbg_wb_data[11]
  dbg_wb_data[12]
  dbg_wb_data[13]
  dbg_wb_data[14]
  dbg_wb_data[15]
  dbg_wb_data[16]
  dbg_wb_data[17]
  dbg_wb_data[18]
  dbg_wb_data[19]
  dbg_wb_data[1]
  dbg_wb_data[20]
  dbg_wb_data[21]
  dbg_wb_data[22]
  dbg_wb_data[23]
  dbg_wb_data[24]
  dbg_wb_data[25]
  dbg_wb_data[26]
  dbg_wb_data[27]
  dbg_wb_data[28]
  dbg_wb_data[29]
  dbg_wb_data[2]
  dbg_wb_data[30]
  dbg_wb_data[31]
  dbg_wb_data[3]
  dbg_wb_data[4]
  dbg_wb_data[5]
  dbg_wb_data[6]
  dbg_wb_data[7]
  dbg_wb_data[8]
  dbg_wb_data[9]
