
===========================================================================
report_checks -unconstrained
===========================================================================
======================= Typical Corner ===================================

Startpoint: rst (input port clocked by clk)
Endpoint: _53453_ (recovery check against rising-edge clock clk)
Path Group: asynchronous
Path Type: max

Fanout     Cap    Slew   Delay    Time   Description
-----------------------------------------------------------------------------
                          0.00    0.00   clock clk (rise edge)
                          0.00    0.00   clock network delay (propagated)
                         10.00   10.00 v input external delay
                  0.01    0.01   10.01 v rst (in)
     1    0.00                           rst (net)
                  0.01    0.00   10.01 v input65/A (sky130_fd_sc_hd__clkbuf_4)
                  0.14    0.23   10.23 v input65/X (sky130_fd_sc_hd__clkbuf_4)
     1    0.07                           net65 (net)
                  0.14    0.00   10.24 v _45574_/A (sky130_fd_sc_hd__clkbuf_8)
                  0.13    0.27   10.51 v _45574_/X (sky130_fd_sc_hd__clkbuf_8)
     9    0.11                           _22152_ (net)
                  0.13    0.02   10.53 v _45587_/A (sky130_fd_sc_hd__buf_6)
                  0.11    0.24   10.77 v _45587_/X (sky130_fd_sc_hd__buf_6)
    10    0.12                           _22155_ (net)
                  0.11    0.01   10.77 v _46341_/A (sky130_fd_sc_hd__buf_8)
                  0.11    0.22   10.99 v _46341_/X (sky130_fd_sc_hd__buf_8)
    10    0.14                           _22551_ (net)
                  0.12    0.03   11.02 v _47075_/A (sky130_fd_sc_hd__inv_2)
                  0.04    0.08   11.10 ^ _47075_/Y (sky130_fd_sc_hd__inv_2)
     1    0.00                           _00063_ (net)
                  0.04    0.00   11.10 ^ _53453_/SET_B (sky130_fd_sc_hd__dfstp_1)
                                 11.10   data arrival time

                         50.00   50.00   clock clk (rise edge)
                          0.00   50.00   clock source latency
                  0.47    0.32   50.32 ^ clk (in)
     2    0.11                           clk (net)
                  0.47    0.00   50.32 ^ clkbuf_0_clk/A (sky130_fd_sc_hd__clkbuf_16)
                  0.13    0.29   50.61 ^ clkbuf_0_clk/X (sky130_fd_sc_hd__clkbuf_16)
     4    0.11                           clknet_0_clk (net)
                  0.13    0.00   50.61 ^ clkbuf_2_2_0_clk/A (sky130_fd_sc_hd__clkbuf_8)
                  0.17    0.24   50.85 ^ clkbuf_2_2_0_clk/X (sky130_fd_sc_hd__clkbuf_8)
     4    0.09                           clknet_2_2_0_clk (net)
                  0.17    0.00   50.85 ^ clkbuf_4_9_0_clk/A (sky130_fd_sc_hd__clkbuf_8)
                  0.15    0.24   51.09 ^ clkbuf_4_9_0_clk/X (sky130_fd_sc_hd__clkbuf_8)
     4    0.08                           clknet_4_9_0_clk (net)
                  0.15    0.00   51.09 ^ clkbuf_6_37__f_clk/A (sky130_fd_sc_hd__clkbuf_16)
                  0.10    0.20   51.29 ^ clkbuf_6_37__f_clk/X (sky130_fd_sc_hd__clkbuf_16)
     6    0.08                           clknet_6_37__leaf_clk (net)
                  0.10    0.00   51.29 ^ clkbuf_leaf_150_clk/A (sky130_fd_sc_hd__clkbuf_16)
                  0.05    0.15   51.44 ^ clkbuf_leaf_150_clk/X (sky130_fd_sc_hd__clkbuf_16)
     9    0.03                           clknet_leaf_150_clk (net)
                  0.05    0.00   51.44 ^ _53453_/CLK (sky130_fd_sc_hd__dfstp_1)
                         -0.25   51.19   clock uncertainty
                          0.00   51.19   clock reconvergence pessimism
                          0.14   51.33   library recovery time
                                 51.33   data required time
-----------------------------------------------------------------------------
                                 51.33   data required time
                                -11.10   data arrival time
-----------------------------------------------------------------------------
                                 40.23   slack (MET)


Startpoint: _54267_ (rising edge-triggered flip-flop clocked by clk)
Endpoint: dbg_mispredict (output port clocked by clk)
Path Group: clk
Path Type: max

Fanout     Cap    Slew   Delay    Time   Description
-----------------------------------------------------------------------------
                          0.00    0.00   clock clk (rise edge)
                          0.00    0.00   clock source latency
                  0.47    0.35    0.35 ^ clk (in)
     2    0.11                           clk (net)
                  0.47    0.00    0.35 ^ clkbuf_0_clk/A (sky130_fd_sc_hd__clkbuf_16)
                  0.13    0.32    0.67 ^ clkbuf_0_clk/X (sky130_fd_sc_hd__clkbuf_16)
     4    0.11                           clknet_0_clk (net)
                  0.13    0.00    0.68 ^ clkbuf_2_2_0_clk/A (sky130_fd_sc_hd__clkbuf_8)
                  0.17    0.26    0.94 ^ clkbuf_2_2_0_clk/X (sky130_fd_sc_hd__clkbuf_8)
     4    0.09                           clknet_2_2_0_clk (net)
                  0.17    0.00    0.94 ^ clkbuf_4_11_0_clk/A (sky130_fd_sc_hd__clkbuf_8)
                  0.14    0.26    1.20 ^ clkbuf_4_11_0_clk/X (sky130_fd_sc_hd__clkbuf_8)
     4    0.08                           clknet_4_11_0_clk (net)
                  0.14    0.00    1.20 ^ clkbuf_6_45__f_clk/A (sky130_fd_sc_hd__clkbuf_16)
                  0.10    0.22    1.42 ^ clkbuf_6_45__f_clk/X (sky130_fd_sc_hd__clkbuf_16)
     6    0.09                           clknet_6_45__leaf_clk (net)
                  0.10    0.00    1.42 ^ clkbuf_leaf_157_clk/A (sky130_fd_sc_hd__clkbuf_16)
                  0.05    0.16    1.59 ^ clkbuf_leaf_157_clk/X (sky130_fd_sc_hd__clkbuf_16)
    10    0.03                           clknet_leaf_157_clk (net)
                  0.05    0.00    1.59 ^ _54267_/CLK (sky130_fd_sc_hd__dfrtp_4)
                  0.09    0.54    2.13 v _54267_/Q (sky130_fd_sc_hd__dfrtp_4)
     5    0.02                           u_fwd.mem_wb_rd[2] (net)
                  0.09    0.00    2.13 v _26342_/B (sky130_fd_sc_hd__or3_4)
                  0.13    0.49    2.61 v _26342_/X (sky130_fd_sc_hd__or3_4)
     4    0.04                           _05336_ (net)
                  0.13    0.00    2.61 v _26343_/A3 (sky130_fd_sc_hd__o31ai_4)
                  0.46    0.44    3.06 ^ _26343_/Y (sky130_fd_sc_hd__o31ai_4)
     6    0.04                           _05337_ (net)
                  0.46    0.00    3.06 ^ _26385_/A (sky130_fd_sc_hd__nor3_1)
                  0.12    0.17    3.23 v _26385_/Y (sky130_fd_sc_hd__nor3_1)
     1    0.01                           _05378_ (net)
                  0.12    0.00    3.23 v wire312/A (sky130_fd_sc_hd__clkbuf_2)
                  0.14    0.24    3.47 v wire312/X (sky130_fd_sc_hd__clkbuf_2)
     4    0.04                           net312 (net)
                  0.14    0.00    3.47 v _26386_/C (sky130_fd_sc_hd__and3_1)
                  0.06    0.26    3.73 v _26386_/X (sky130_fd_sc_hd__and3_1)
     3    0.01                           _05379_ (net)
                  0.06    0.00    3.73 v _26387_/C (sky130_fd_sc_hd__nor3_1)
                  0.59    0.49    4.22 ^ _26387_/Y (sky130_fd_sc_hd__nor3_1)
     1    0.02                           _05380_ (net)
                  0.59    0.00    4.22 ^ wire308/A (sky130_fd_sc_hd__clkbuf_4)
                  0.18    0.40    4.63 ^ wire308/X (sky130_fd_sc_hd__clkbuf_4)
     5    0.06                           net308 (net)
                  0.18    0.00    4.63 ^ _26435_/B (sky130_fd_sc_hd__xnor2_1)
                  0.19    0.18    4.80 ^ _26435_/Y (sky130_fd_sc_hd__xnor2_1)
     2    0.01                           _05425_ (net)
                  0.19    0.00    4.80 ^ _26436_/C1 (sky130_fd_sc_hd__o211a_1)
                  0.09    0.22    5.02 ^ _26436_/X (sky130_fd_sc_hd__o211a_1)
     2    0.01                           _05426_ (net)
                  0.09    0.00    5.02 ^ _26437_/C_N (sky130_fd_sc_hd__or3b_1)
                  0.10    0.41    5.44 v _26437_/X (sky130_fd_sc_hd__or3b_1)
     2    0.01                           _05427_ (net)
                  0.10    0.00    5.44 v _26506_/A_N (sky130_fd_sc_hd__and4bb_1)
                  0.12    0.33    5.77 ^ _26506_/X (sky130_fd_sc_hd__and4bb_1)
     2    0.01                           _05492_ (net)
                  0.12    0.00    5.77 ^ _26773_/A (sky130_fd_sc_hd__and3_1)
                  0.11    0.22    5.99 ^ _26773_/X (sky130_fd_sc_hd__and3_1)
     3    0.01                           _05735_ (net)
                  0.11    0.00    5.99 ^ _26774_/B2 (sky130_fd_sc_hd__a32o_1)
                  0.09    0.18    6.16 ^ _26774_/X (sky130_fd_sc_hd__a32o_1)
     1    0.01                           _05736_ (net)
                  0.09    0.00    6.17 ^ _26775_/C (sky130_fd_sc_hd__or3_1)
                  0.12    0.17    6.34 ^ _26775_/X (sky130_fd_sc_hd__or3_1)
     4    0.01                           _05737_ (net)
                  0.12    0.00    6.34 ^ _26780_/B (sky130_fd_sc_hd__nand2_1)
                  0.06    0.07    6.41 v _26780_/Y (sky130_fd_sc_hd__nand2_1)
     1    0.00                           _05742_ (net)
                  0.06    0.00    6.41 v _26781_/B1 (sky130_fd_sc_hd__o21ai_1)
                  0.17    0.12    6.53 ^ _26781_/Y (sky130_fd_sc_hd__o21ai_1)
     1    0.01                           _05743_ (net)
                  0.17    0.00    6.53 ^ _26784_/A3 (sky130_fd_sc_hd__a32oi_2)
                  0.10    0.14    6.67 v _26784_/Y (sky130_fd_sc_hd__a32oi_2)
     1    0.01                           _05746_ (net)
                  0.10    0.00    6.67 v _26789_/A2_N (sky130_fd_sc_hd__a2bb2o_4)
                  0.21    0.36    7.03 ^ _26789_/X (sky130_fd_sc_hd__a2bb2o_4)
     2    0.07                           _05751_ (net)
                  0.21    0.01    7.04 ^ _26790_/B (sky130_fd_sc_hd__nand2_4)
                  0.29    0.22    7.26 v _26790_/Y (sky130_fd_sc_hd__nand2_4)
     5    0.09                           _05752_ (net)
                  0.29    0.00    7.26 v _27027_/A (sky130_fd_sc_hd__or4_1)
                  0.09    0.62    7.88 v _27027_/X (sky130_fd_sc_hd__or4_1)
     1    0.00                           _05989_ (net)
                  0.09    0.00    7.88 v _27028_/C1 (sky130_fd_sc_hd__a221oi_1)
                  0.24    0.24    8.13 ^ _27028_/Y (sky130_fd_sc_hd__a221oi_1)
     1    0.00                           _05990_ (net)
                  0.24    0.00    8.13 ^ _27029_/C1 (sky130_fd_sc_hd__o221a_1)
                  0.05    0.22    8.34 ^ _27029_/X (sky130_fd_sc_hd__o221a_1)
     1    0.00                           _05991_ (net)
                  0.05    0.00    8.34 ^ _27030_/D_N (sky130_fd_sc_hd__or4b_1)
                  0.12    0.51    8.85 v _27030_/X (sky130_fd_sc_hd__or4b_1)
     1    0.01                           _05992_ (net)
                  0.12    0.00    8.85 v _27031_/B1 (sky130_fd_sc_hd__a21oi_1)
                  0.14    0.17    9.03 ^ _27031_/Y (sky130_fd_sc_hd__a21oi_1)
     1    0.00                           _05993_ (net)
                  0.14    0.00    9.03 ^ _27032_/C1 (sky130_fd_sc_hd__o221a_1)
                  0.07    0.21    9.24 ^ _27032_/X (sky130_fd_sc_hd__o221a_1)
     1    0.01                           _05994_ (net)
                  0.07    0.00    9.24 ^ _27033_/C (sky130_fd_sc_hd__and3_1)
                  0.08    0.19    9.43 ^ _27033_/X (sky130_fd_sc_hd__and3_1)
     1    0.01                           _05995_ (net)
                  0.08    0.00    9.43 ^ _27034_/C1 (sky130_fd_sc_hd__o221a_1)
                  0.10    0.22    9.65 ^ _27034_/X (sky130_fd_sc_hd__o221a_1)
     1    0.01                           _05996_ (net)
                  0.10    0.00    9.65 ^ _27035_/C1 (sky130_fd_sc_hd__o211ai_1)
                  0.08    0.11    9.75 v _27035_/Y (sky130_fd_sc_hd__o211ai_1)
     1    0.00                           _05997_ (net)
                  0.08    0.00    9.76 v _27036_/C1 (sky130_fd_sc_hd__a221o_1)
                  0.06    0.29   10.04 v _27036_/X (sky130_fd_sc_hd__a221o_1)
     1    0.00                           _05998_ (net)
                  0.06    0.00   10.04 v _27037_/D1 (sky130_fd_sc_hd__a2111o_1)
                  0.07    0.31   10.36 v _27037_/X (sky130_fd_sc_hd__a2111o_1)
     1    0.01                           _05999_ (net)
                  0.07    0.00   10.36 v _27041_/C1 (sky130_fd_sc_hd__a2111oi_1)
                  0.34    0.36   10.72 ^ _27041_/Y (sky130_fd_sc_hd__a2111oi_1)
     1    0.00                           _06003_ (net)
                  0.34    0.00   10.72 ^ wire270/A (sky130_fd_sc_hd__clkbuf_1)
                  0.07    0.15   10.87 ^ wire270/X (sky130_fd_sc_hd__clkbuf_1)
     1    0.00                           net270 (net)
                  0.07    0.00   10.87 ^ _27042_/D1 (sky130_fd_sc_hd__o2111a_1)
                  0.06    0.18   11.05 ^ _27042_/X (sky130_fd_sc_hd__o2111a_1)
     1    0.00                           _06004_ (net)
                  0.06    0.00   11.05 ^ _27043_/B1 (sky130_fd_sc_hd__o22a_1)
                  0.17    0.23   11.28 ^ _27043_/X (sky130_fd_sc_hd__o22a_1)
     2    0.02                           _06005_ (net)
                  0.17    0.00   11.29 ^ _41337_/A_N (sky130_fd_sc_hd__and2b_4)
                  0.12    0.32   11.60 v _41337_/X (sky130_fd_sc_hd__and2b_4)
     9    0.08                           _19745_ (net)
                  0.12    0.01   11.61 v _41338_/A (sky130_fd_sc_hd__clkbuf_1)
                  0.02    0.12   11.73 v _41338_/X (sky130_fd_sc_hd__clkbuf_1)
     1    0.00                           net101 (net)
                  0.02    0.00   11.73 v output101/A (sky130_fd_sc_hd__buf_2)
                  0.09    0.18   11.91 v output101/X (sky130_fd_sc_hd__buf_2)
     1    0.04                           dbg_mispredict (net)
                  0.09    0.00   11.91 v dbg_mispredict (out)
                                 11.91   data arrival time

                         50.00   50.00   clock clk (rise edge)
                          0.00   50.00   clock network delay (propagated)
                         -0.25   49.75   clock uncertainty
                          0.00   49.75   clock reconvergence pessimism
                        -10.00   39.75   output external delay
                                 39.75   data required time
-----------------------------------------------------------------------------
                                 39.75   data required time
                                -11.91   data arrival time
-----------------------------------------------------------------------------
                                 27.84   slack (MET)




===========================================================================
report_checks --slack_max -0.01
============================================================================
======================= Typical Corner ===================================

No paths found.


===========================================================================
 report_check_types -max_slew -max_cap -max_fanout -violators
============================================================================
======================= Typical Corner ===================================

max slew

Pin                                    Limit    Slew   Slack
------------------------------------------------------------
_40093_/B                               0.75    0.89   -0.14 (VIOLATED)
_40467_/B                               0.75    0.89   -0.14 (VIOLATED)
_34025_/B                               0.75    0.89   -0.14 (VIOLATED)
ANTENNA_221/DIODE                       0.75    0.89   -0.14 (VIOLATED)
_36805_/B1                              0.75    0.89   -0.14 (VIOLATED)
_34024_/Y                               0.75    0.89   -0.14 (VIOLATED)
_40871_/A2                              0.75    0.88   -0.13 (VIOLATED)
ANTENNA_269/DIODE                       0.75    0.88   -0.13 (VIOLATED)
_40858_/X                               0.75    0.88   -0.13 (VIOLATED)
_40449_/B1_N                            0.75    0.88   -0.13 (VIOLATED)
ANTENNA_235/DIODE                       0.75    0.88   -0.13 (VIOLATED)
_40448_/C_N                             0.75    0.88   -0.13 (VIOLATED)
ANTENNA_237/DIODE                       0.75    0.88   -0.13 (VIOLATED)
ANTENNA_234/DIODE                       0.75    0.88   -0.13 (VIOLATED)
ANTENNA_236/DIODE                       0.75    0.88   -0.13 (VIOLATED)
ANTENNA_233/DIODE                       0.75    0.88   -0.13 (VIOLATED)
_36225_/B                               0.75    0.88   -0.13 (VIOLATED)
ANTENNA_231/DIODE                       0.75    0.88   -0.13 (VIOLATED)
ANTENNA_230/DIODE                       0.75    0.88   -0.13 (VIOLATED)
_36221_/A2                              0.75    0.88   -0.13 (VIOLATED)
ANTENNA_232/DIODE                       0.75    0.88   -0.13 (VIOLATED)
_36065_/X                               0.75    0.88   -0.13 (VIOLATED)
_40418_/B1                              0.75    0.87   -0.12 (VIOLATED)
_40417_/A                               0.75    0.87   -0.12 (VIOLATED)
_36225_/C                               0.75    0.87   -0.12 (VIOLATED)
_36218_/A1                              0.75    0.87   -0.12 (VIOLATED)
_36149_/Y                               0.75    0.87   -0.12 (VIOLATED)
_40799_/A2                              0.75    0.80   -0.05 (VIOLATED)
_34143_/B                               0.75    0.80   -0.05 (VIOLATED)
_34166_/B                               0.75    0.80   -0.05 (VIOLATED)
ANTENNA_1131/DIODE                      0.75    0.80   -0.05 (VIOLATED)
_36786_/A2                              0.75    0.80   -0.05 (VIOLATED)
_34142_/Y                               0.75    0.80   -0.05 (VIOLATED)
_41327_/A2                              0.75    0.79   -0.04 (VIOLATED)
_41318_/Y                               0.75    0.79   -0.04 (VIOLATED)

max fanout

Pin                                   Limit Fanout  Slack
---------------------------------------------------------
input26/X                                10     32    -22 (VIOLATED)
_46020_/X                                10     25    -15 (VIOLATED)
input11/X                                10     23    -13 (VIOLATED)
input13/X                                10     23    -13 (VIOLATED)
input20/X                                10     23    -13 (VIOLATED)
input22/X                                10     23    -13 (VIOLATED)
input9/X                                 10     23    -13 (VIOLATED)
clkbuf_leaf_445_clk/X                    10     20    -10 (VIOLATED)
clkbuf_leaf_285_clk/X                    10     19     -9 (VIOLATED)
clkbuf_leaf_340_clk/X                    10     19     -9 (VIOLATED)
clkbuf_leaf_454_clk/X                    10     19     -9 (VIOLATED)
_32890_/X                                10     18     -8 (VIOLATED)
_33660_/X                                10     18     -8 (VIOLATED)
_54160_/Q                                10     18     -8 (VIOLATED)
_33669_/X                                10     17     -7 (VIOLATED)
clkbuf_leaf_11_clk/X                     10     17     -7 (VIOLATED)
clkbuf_leaf_161_clk/X                    10     17     -7 (VIOLATED)
clkbuf_leaf_344_clk/X                    10     17     -7 (VIOLATED)
clkbuf_leaf_356_clk/X                    10     17     -7 (VIOLATED)
clkbuf_leaf_399_clk/X                    10     17     -7 (VIOLATED)
clkbuf_leaf_39_clk/X                     10     17     -7 (VIOLATED)
clkbuf_leaf_422_clk/X                    10     17     -7 (VIOLATED)
input16/X                                10     17     -7 (VIOLATED)
_29949_/X                                10     16     -6 (VIOLATED)
_33579_/X                                10     16     -6 (VIOLATED)
_54148_/Q                                10     16     -6 (VIOLATED)
clkbuf_leaf_0_clk/X                      10     16     -6 (VIOLATED)
clkbuf_leaf_133_clk/X                    10     16     -6 (VIOLATED)
clkbuf_leaf_25_clk/X                     10     16     -6 (VIOLATED)
clkbuf_leaf_280_clk/X                    10     16     -6 (VIOLATED)
clkbuf_leaf_31_clk/X                     10     16     -6 (VIOLATED)
clkbuf_leaf_336_clk/X                    10     16     -6 (VIOLATED)
clkbuf_leaf_349_clk/X                    10     16     -6 (VIOLATED)
clkbuf_leaf_36_clk/X                     10     16     -6 (VIOLATED)
clkbuf_leaf_376_clk/X                    10     16     -6 (VIOLATED)
clkbuf_leaf_379_clk/X                    10     16     -6 (VIOLATED)
clkbuf_leaf_384_clk/X                    10     16     -6 (VIOLATED)
clkbuf_leaf_393_clk/X                    10     16     -6 (VIOLATED)
clkbuf_leaf_7_clk/X                      10     16     -6 (VIOLATED)
clkbuf_leaf_90_clk/X                     10     16     -6 (VIOLATED)
_54106_/Q                                10     15     -5 (VIOLATED)
_54149_/Q                                10     15     -5 (VIOLATED)
clkbuf_leaf_131_clk/X                    10     15     -5 (VIOLATED)
clkbuf_leaf_136_clk/X                    10     15     -5 (VIOLATED)
clkbuf_leaf_145_clk/X                    10     15     -5 (VIOLATED)
clkbuf_leaf_154_clk/X                    10     15     -5 (VIOLATED)
clkbuf_leaf_162_clk/X                    10     15     -5 (VIOLATED)
clkbuf_leaf_252_clk/X                    10     15     -5 (VIOLATED)
clkbuf_leaf_268_clk/X                    10     15     -5 (VIOLATED)
clkbuf_leaf_27_clk/X                     10     15     -5 (VIOLATED)
clkbuf_leaf_318_clk/X                    10     15     -5 (VIOLATED)
clkbuf_leaf_323_clk/X                    10     15     -5 (VIOLATED)
clkbuf_leaf_332_clk/X                    10     15     -5 (VIOLATED)
clkbuf_leaf_390_clk/X                    10     15     -5 (VIOLATED)
clkbuf_leaf_397_clk/X                    10     15     -5 (VIOLATED)
clkbuf_leaf_413_clk/X                    10     15     -5 (VIOLATED)
clkbuf_leaf_41_clk/X                     10     15     -5 (VIOLATED)
clkbuf_leaf_441_clk/X                    10     15     -5 (VIOLATED)
clkbuf_leaf_446_clk/X                    10     15     -5 (VIOLATED)
clkbuf_leaf_44_clk/X                     10     15     -5 (VIOLATED)
clkbuf_leaf_455_clk/X                    10     15     -5 (VIOLATED)
clkbuf_leaf_48_clk/X                     10     15     -5 (VIOLATED)
clkbuf_leaf_75_clk/X                     10     15     -5 (VIOLATED)
input8/X                                 10     15     -5 (VIOLATED)
_26520_/X                                10     14     -4 (VIOLATED)
_29496_/X                                10     14     -4 (VIOLATED)
_29550_/X                                10     14     -4 (VIOLATED)
_29580_/X                                10     14     -4 (VIOLATED)
_33709_/X                                10     14     -4 (VIOLATED)
_43811_/X                                10     14     -4 (VIOLATED)
_49261_/X                                10     14     -4 (VIOLATED)
_54098_/Q                                10     14     -4 (VIOLATED)
_54103_/Q                                10     14     -4 (VIOLATED)
_54109_/Q                                10     14     -4 (VIOLATED)
_54133_/Q                                10     14     -4 (VIOLATED)
_54137_/Q                                10     14     -4 (VIOLATED)
clkbuf_leaf_185_clk/X                    10     14     -4 (VIOLATED)
clkbuf_leaf_191_clk/X                    10     14     -4 (VIOLATED)
clkbuf_leaf_203_clk/X                    10     14     -4 (VIOLATED)
clkbuf_leaf_23_clk/X                     10     14     -4 (VIOLATED)
clkbuf_leaf_242_clk/X                    10     14     -4 (VIOLATED)
clkbuf_leaf_243_clk/X                    10     14     -4 (VIOLATED)
clkbuf_leaf_253_clk/X                    10     14     -4 (VIOLATED)
clkbuf_leaf_254_clk/X                    10     14     -4 (VIOLATED)
clkbuf_leaf_275_clk/X                    10     14     -4 (VIOLATED)
clkbuf_leaf_287_clk/X                    10     14     -4 (VIOLATED)
clkbuf_leaf_309_clk/X                    10     14     -4 (VIOLATED)
clkbuf_leaf_310_clk/X                    10     14     -4 (VIOLATED)
clkbuf_leaf_313_clk/X                    10     14     -4 (VIOLATED)
clkbuf_leaf_343_clk/X                    10     14     -4 (VIOLATED)
clkbuf_leaf_351_clk/X                    10     14     -4 (VIOLATED)
clkbuf_leaf_360_clk/X                    10     14     -4 (VIOLATED)
clkbuf_leaf_378_clk/X                    10     14     -4 (VIOLATED)
clkbuf_leaf_383_clk/X                    10     14     -4 (VIOLATED)
clkbuf_leaf_401_clk/X                    10     14     -4 (VIOLATED)
clkbuf_leaf_406_clk/X                    10     14     -4 (VIOLATED)
clkbuf_leaf_415_clk/X                    10     14     -4 (VIOLATED)
clkbuf_leaf_421_clk/X                    10     14     -4 (VIOLATED)
clkbuf_leaf_42_clk/X                     10     14     -4 (VIOLATED)
clkbuf_leaf_432_clk/X                    10     14     -4 (VIOLATED)
clkbuf_leaf_437_clk/X                    10     14     -4 (VIOLATED)
clkbuf_leaf_442_clk/X                    10     14     -4 (VIOLATED)
clkbuf_leaf_447_clk/X                    10     14     -4 (VIOLATED)
clkbuf_leaf_45_clk/X                     10     14     -4 (VIOLATED)
clkbuf_leaf_58_clk/X                     10     14     -4 (VIOLATED)
clkbuf_leaf_62_clk/X                     10     14     -4 (VIOLATED)
clkbuf_leaf_64_clk/X                     10     14     -4 (VIOLATED)
clkbuf_leaf_66_clk/X                     10     14     -4 (VIOLATED)
_29466_/X                                10     13     -3 (VIOLATED)
_29483_/X                                10     13     -3 (VIOLATED)
_29500_/X                                10     13     -3 (VIOLATED)
_29541_/X                                10     13     -3 (VIOLATED)
_33404_/X                                10     13     -3 (VIOLATED)
_33418_/X                                10     13     -3 (VIOLATED)
_33446_/X                                10     13     -3 (VIOLATED)
_33790_/X                                10     13     -3 (VIOLATED)
_33989_/X                                10     13     -3 (VIOLATED)
_36765_/X                                10     13     -3 (VIOLATED)
_42416_/X                                10     13     -3 (VIOLATED)
_49341_/X                                10     13     -3 (VIOLATED)
_53798_/Q                                10     13     -3 (VIOLATED)
_53803_/Q                                10     13     -3 (VIOLATED)
_54102_/Q                                10     13     -3 (VIOLATED)
_54140_/Q                                10     13     -3 (VIOLATED)
_54165_/Q                                10     13     -3 (VIOLATED)
clkbuf_leaf_125_clk/X                    10     13     -3 (VIOLATED)
clkbuf_leaf_135_clk/X                    10     13     -3 (VIOLATED)
clkbuf_leaf_13_clk/X                     10     13     -3 (VIOLATED)
clkbuf_leaf_143_clk/X                    10     13     -3 (VIOLATED)
clkbuf_leaf_144_clk/X                    10     13     -3 (VIOLATED)
clkbuf_leaf_14_clk/X                     10     13     -3 (VIOLATED)
clkbuf_leaf_15_clk/X                     10     13     -3 (VIOLATED)
clkbuf_leaf_16_clk/X                     10     13     -3 (VIOLATED)
clkbuf_leaf_179_clk/X                    10     13     -3 (VIOLATED)
clkbuf_leaf_190_clk/X                    10     13     -3 (VIOLATED)
clkbuf_leaf_192_clk/X                    10     13     -3 (VIOLATED)
clkbuf_leaf_21_clk/X                     10     13     -3 (VIOLATED)
clkbuf_leaf_222_clk/X                    10     13     -3 (VIOLATED)
clkbuf_leaf_248_clk/X                    10     13     -3 (VIOLATED)
clkbuf_leaf_26_clk/X                     10     13     -3 (VIOLATED)
clkbuf_leaf_282_clk/X                    10     13     -3 (VIOLATED)
clkbuf_leaf_28_clk/X                     10     13     -3 (VIOLATED)
clkbuf_leaf_292_clk/X                    10     13     -3 (VIOLATED)
clkbuf_leaf_2_clk/X                      10     13     -3 (VIOLATED)
clkbuf_leaf_308_clk/X                    10     13     -3 (VIOLATED)
clkbuf_leaf_314_clk/X                    10     13     -3 (VIOLATED)
clkbuf_leaf_322_clk/X                    10     13     -3 (VIOLATED)
clkbuf_leaf_324_clk/X                    10     13     -3 (VIOLATED)
clkbuf_leaf_328_clk/X                    10     13     -3 (VIOLATED)
clkbuf_leaf_334_clk/X                    10     13     -3 (VIOLATED)
clkbuf_leaf_337_clk/X                    10     13     -3 (VIOLATED)
clkbuf_leaf_346_clk/X                    10     13     -3 (VIOLATED)
clkbuf_leaf_34_clk/X                     10     13     -3 (VIOLATED)
clkbuf_leaf_350_clk/X                    10     13     -3 (VIOLATED)
clkbuf_leaf_355_clk/X                    10     13     -3 (VIOLATED)
clkbuf_leaf_359_clk/X                    10     13     -3 (VIOLATED)
clkbuf_leaf_35_clk/X                     10     13     -3 (VIOLATED)
clkbuf_leaf_362_clk/X                    10     13     -3 (VIOLATED)
clkbuf_leaf_367_clk/X                    10     13     -3 (VIOLATED)
clkbuf_leaf_369_clk/X                    10     13     -3 (VIOLATED)
clkbuf_leaf_375_clk/X                    10     13     -3 (VIOLATED)
clkbuf_leaf_377_clk/X                    10     13     -3 (VIOLATED)
clkbuf_leaf_380_clk/X                    10     13     -3 (VIOLATED)
clkbuf_leaf_395_clk/X                    10     13     -3 (VIOLATED)
clkbuf_leaf_407_clk/X                    10     13     -3 (VIOLATED)
clkbuf_leaf_411_clk/X                    10     13     -3 (VIOLATED)
clkbuf_leaf_414_clk/X                    10     13     -3 (VIOLATED)
clkbuf_leaf_419_clk/X                    10     13     -3 (VIOLATED)
clkbuf_leaf_423_clk/X                    10     13     -3 (VIOLATED)
clkbuf_leaf_426_clk/X                    10     13     -3 (VIOLATED)
clkbuf_leaf_430_clk/X                    10     13     -3 (VIOLATED)
clkbuf_leaf_433_clk/X                    10     13     -3 (VIOLATED)
clkbuf_leaf_439_clk/X                    10     13     -3 (VIOLATED)
clkbuf_leaf_451_clk/X                    10     13     -3 (VIOLATED)
clkbuf_leaf_452_clk/X                    10     13     -3 (VIOLATED)
clkbuf_leaf_453_clk/X                    10     13     -3 (VIOLATED)
clkbuf_leaf_54_clk/X                     10     13     -3 (VIOLATED)
clkbuf_leaf_5_clk/X                      10     13     -3 (VIOLATED)
clkbuf_leaf_78_clk/X                     10     13     -3 (VIOLATED)
clkbuf_leaf_83_clk/X                     10     13     -3 (VIOLATED)
clkbuf_leaf_98_clk/X                     10     13     -3 (VIOLATED)
input15/X                                10     13     -3 (VIOLATED)
input17/X                                10     13     -3 (VIOLATED)
input25/X                                10     13     -3 (VIOLATED)
input5/X                                 10     13     -3 (VIOLATED)
_27519_/X                                10     12     -2 (VIOLATED)
_29411_/X                                10     12     -2 (VIOLATED)
_29488_/X                                10     12     -2 (VIOLATED)
_29556_/X                                10     12     -2 (VIOLATED)
_33061_/X                                10     12     -2 (VIOLATED)
_33667_/X                                10     12     -2 (VIOLATED)
_33673_/X                                10     12     -2 (VIOLATED)
_33917_/X                                10     12     -2 (VIOLATED)
_33940_/X                                10     12     -2 (VIOLATED)
_33963_/X                                10     12     -2 (VIOLATED)
_33975_/X                                10     12     -2 (VIOLATED)
_33987_/X                                10     12     -2 (VIOLATED)
_34147_/X                                10     12     -2 (VIOLATED)
_34345_/X                                10     12     -2 (VIOLATED)
_34400_/X                                10     12     -2 (VIOLATED)
_36065_/X                                10     12     -2 (VIOLATED)
clkbuf_leaf_102_clk/X                    10     12     -2 (VIOLATED)
clkbuf_leaf_116_clk/X                    10     12     -2 (VIOLATED)
clkbuf_leaf_120_clk/X                    10     12     -2 (VIOLATED)
clkbuf_leaf_121_clk/X                    10     12     -2 (VIOLATED)
clkbuf_leaf_12_clk/X                     10     12     -2 (VIOLATED)
clkbuf_leaf_142_clk/X                    10     12     -2 (VIOLATED)
clkbuf_leaf_147_clk/X                    10     12     -2 (VIOLATED)
clkbuf_leaf_171_clk/X                    10     12     -2 (VIOLATED)
clkbuf_leaf_202_clk/X                    10     12     -2 (VIOLATED)
clkbuf_leaf_217_clk/X                    10     12     -2 (VIOLATED)
clkbuf_leaf_230_clk/X                    10     12     -2 (VIOLATED)
clkbuf_leaf_240_clk/X                    10     12     -2 (VIOLATED)
clkbuf_leaf_247_clk/X                    10     12     -2 (VIOLATED)
clkbuf_leaf_249_clk/X                    10     12     -2 (VIOLATED)
clkbuf_leaf_261_clk/X                    10     12     -2 (VIOLATED)
clkbuf_leaf_277_clk/X                    10     12     -2 (VIOLATED)
clkbuf_leaf_279_clk/X                    10     12     -2 (VIOLATED)
clkbuf_leaf_281_clk/X                    10     12     -2 (VIOLATED)
clkbuf_leaf_288_clk/X                    10     12     -2 (VIOLATED)
clkbuf_leaf_32_clk/X                     10     12     -2 (VIOLATED)
clkbuf_leaf_342_clk/X                    10     12     -2 (VIOLATED)
clkbuf_leaf_352_clk/X                    10     12     -2 (VIOLATED)
clkbuf_leaf_358_clk/X                    10     12     -2 (VIOLATED)
clkbuf_leaf_370_clk/X                    10     12     -2 (VIOLATED)
clkbuf_leaf_373_clk/X                    10     12     -2 (VIOLATED)
clkbuf_leaf_381_clk/X                    10     12     -2 (VIOLATED)
clkbuf_leaf_386_clk/X                    10     12     -2 (VIOLATED)
clkbuf_leaf_388_clk/X                    10     12     -2 (VIOLATED)
clkbuf_leaf_394_clk/X                    10     12     -2 (VIOLATED)
clkbuf_leaf_402_clk/X                    10     12     -2 (VIOLATED)
clkbuf_leaf_408_clk/X                    10     12     -2 (VIOLATED)
clkbuf_leaf_40_clk/X                     10     12     -2 (VIOLATED)
clkbuf_leaf_410_clk/X                    10     12     -2 (VIOLATED)
clkbuf_leaf_418_clk/X                    10     12     -2 (VIOLATED)
clkbuf_leaf_420_clk/X                    10     12     -2 (VIOLATED)
clkbuf_leaf_428_clk/X                    10     12     -2 (VIOLATED)
clkbuf_leaf_438_clk/X                    10     12     -2 (VIOLATED)
clkbuf_leaf_57_clk/X                     10     12     -2 (VIOLATED)
clkbuf_leaf_60_clk/X                     10     12     -2 (VIOLATED)
clkbuf_leaf_61_clk/X                     10     12     -2 (VIOLATED)
clkbuf_leaf_76_clk/X                     10     12     -2 (VIOLATED)
clkbuf_leaf_80_clk/X                     10     12     -2 (VIOLATED)
clkbuf_leaf_86_clk/X                     10     12     -2 (VIOLATED)
clkbuf_leaf_95_clk/X                     10     12     -2 (VIOLATED)
clkbuf_leaf_96_clk/X                     10     12     -2 (VIOLATED)
clkbuf_leaf_9_clk/X                      10     12     -2 (VIOLATED)
fanout317/X                              10     12     -2 (VIOLATED)
input54/X                                10     12     -2 (VIOLATED)
_26389_/X                                10     11        (VIOLATED)
_26479_/X                                10     11        (VIOLATED)
_27150_/X                                10     11        (VIOLATED)
_27200_/X                                10     11        (VIOLATED)
_27256_/X                                10     11        (VIOLATED)
_27274_/X                                10     11        (VIOLATED)
_27294_/X                                10     11        (VIOLATED)
_27737_/X                                10     11        (VIOLATED)
_27784_/X                                10     11        (VIOLATED)
_27843_/X                                10     11        (VIOLATED)
_27896_/X                                10     11        (VIOLATED)
_27941_/X                                10     11        (VIOLATED)
_29000_/X                                10     11        (VIOLATED)
_29010_/X                                10     11        (VIOLATED)
_29033_/X                                10     11        (VIOLATED)
_29182_/X                                10     11        (VIOLATED)
_29190_/X                                10     11        (VIOLATED)
_29440_/X                                10     11        (VIOLATED)
_29442_/X                                10     11        (VIOLATED)
_29448_/X                                10     11        (VIOLATED)
_29449_/X                                10     11        (VIOLATED)
_29460_/X                                10     11        (VIOLATED)
_29571_/X                                10     11        (VIOLATED)
_30605_/X                                10     11        (VIOLATED)
_30637_/X                                10     11        (VIOLATED)
_33586_/X                                10     11        (VIOLATED)
_33653_/X                                10     11        (VIOLATED)
_33654_/X                                10     11        (VIOLATED)
_33659_/X                                10     11        (VIOLATED)
_33662_/X                                10     11        (VIOLATED)
_33664_/X                                10     11        (VIOLATED)
_33675_/X                                10     11        (VIOLATED)
_33693_/X                                10     11        (VIOLATED)
_33721_/X                                10     11        (VIOLATED)
_33928_/X                                10     11        (VIOLATED)
_33998_/X                                10     11        (VIOLATED)
_34001_/X                                10     11        (VIOLATED)
_34005_/X                                10     11        (VIOLATED)
_34020_/X                                10     11        (VIOLATED)
_34023_/X                                10     11        (VIOLATED)
_34041_/X                                10     11        (VIOLATED)
_34073_/X                                10     11        (VIOLATED)
_34389_/X                                10     11        (VIOLATED)
_41488_/X                                10     11        (VIOLATED)
_43947_/X                                10     11        (VIOLATED)
_45998_/X                                10     11        (VIOLATED)
_53782_/Q                                10     11        (VIOLATED)
_53796_/Q                                10     11        (VIOLATED)
_53807_/Q                                10     11        (VIOLATED)
_54120_/Q                                10     11        (VIOLATED)
_54146_/Q                                10     11        (VIOLATED)
_55845_/X                                10     11        (VIOLATED)
clkbuf_leaf_101_clk/X                    10     11        (VIOLATED)
clkbuf_leaf_103_clk/X                    10     11        (VIOLATED)
clkbuf_leaf_106_clk/X                    10     11        (VIOLATED)
clkbuf_leaf_10_clk/X                     10     11        (VIOLATED)
clkbuf_leaf_112_clk/X                    10     11        (VIOLATED)
clkbuf_leaf_115_clk/X                    10     11        (VIOLATED)
clkbuf_leaf_124_clk/X                    10     11        (VIOLATED)
clkbuf_leaf_128_clk/X                    10     11        (VIOLATED)
clkbuf_leaf_137_clk/X                    10     11        (VIOLATED)
clkbuf_leaf_141_clk/X                    10     11        (VIOLATED)
clkbuf_leaf_149_clk/X                    10     11        (VIOLATED)
clkbuf_leaf_155_clk/X                    10     11        (VIOLATED)
clkbuf_leaf_167_clk/X                    10     11        (VIOLATED)
clkbuf_leaf_169_clk/X                    10     11        (VIOLATED)
clkbuf_leaf_170_clk/X                    10     11        (VIOLATED)
clkbuf_leaf_173_clk/X                    10     11        (VIOLATED)
clkbuf_leaf_178_clk/X                    10     11        (VIOLATED)
clkbuf_leaf_17_clk/X                     10     11        (VIOLATED)
clkbuf_leaf_183_clk/X                    10     11        (VIOLATED)
clkbuf_leaf_184_clk/X                    10     11        (VIOLATED)
clkbuf_leaf_187_clk/X                    10     11        (VIOLATED)
clkbuf_leaf_188_clk/X                    10     11        (VIOLATED)
clkbuf_leaf_193_clk/X                    10     11        (VIOLATED)
clkbuf_leaf_200_clk/X                    10     11        (VIOLATED)
clkbuf_leaf_20_clk/X                     10     11        (VIOLATED)
clkbuf_leaf_210_clk/X                    10     11        (VIOLATED)
clkbuf_leaf_215_clk/X                    10     11        (VIOLATED)
clkbuf_leaf_219_clk/X                    10     11        (VIOLATED)
clkbuf_leaf_220_clk/X                    10     11        (VIOLATED)
clkbuf_leaf_232_clk/X                    10     11        (VIOLATED)
clkbuf_leaf_238_clk/X                    10     11        (VIOLATED)
clkbuf_leaf_245_clk/X                    10     11        (VIOLATED)
clkbuf_leaf_250_clk/X                    10     11        (VIOLATED)
clkbuf_leaf_260_clk/X                    10     11        (VIOLATED)
clkbuf_leaf_265_clk/X                    10     11        (VIOLATED)
clkbuf_leaf_269_clk/X                    10     11        (VIOLATED)
clkbuf_leaf_270_clk/X                    10     11        (VIOLATED)
clkbuf_leaf_274_clk/X                    10     11        (VIOLATED)
clkbuf_leaf_283_clk/X                    10     11        (VIOLATED)
clkbuf_leaf_311_clk/X                    10     11        (VIOLATED)
clkbuf_leaf_325_clk/X                    10     11        (VIOLATED)
clkbuf_leaf_330_clk/X                    10     11        (VIOLATED)
clkbuf_leaf_333_clk/X                    10     11        (VIOLATED)
clkbuf_leaf_335_clk/X                    10     11        (VIOLATED)
clkbuf_leaf_338_clk/X                    10     11        (VIOLATED)
clkbuf_leaf_345_clk/X                    10     11        (VIOLATED)
clkbuf_leaf_354_clk/X                    10     11        (VIOLATED)
clkbuf_leaf_357_clk/X                    10     11        (VIOLATED)
clkbuf_leaf_361_clk/X                    10     11        (VIOLATED)
clkbuf_leaf_363_clk/X                    10     11        (VIOLATED)
clkbuf_leaf_385_clk/X                    10     11        (VIOLATED)
clkbuf_leaf_389_clk/X                    10     11        (VIOLATED)
clkbuf_leaf_391_clk/X                    10     11        (VIOLATED)
clkbuf_leaf_392_clk/X                    10     11        (VIOLATED)
clkbuf_leaf_396_clk/X                    10     11        (VIOLATED)
clkbuf_leaf_398_clk/X                    10     11        (VIOLATED)
clkbuf_leaf_3_clk/X                      10     11        (VIOLATED)
clkbuf_leaf_404_clk/X                    10     11        (VIOLATED)
clkbuf_leaf_416_clk/X                    10     11        (VIOLATED)
clkbuf_leaf_43_clk/X                     10     11        (VIOLATED)
clkbuf_leaf_444_clk/X                    10     11        (VIOLATED)
clkbuf_leaf_49_clk/X                     10     11        (VIOLATED)
clkbuf_leaf_52_clk/X                     10     11        (VIOLATED)
clkbuf_leaf_53_clk/X                     10     11        (VIOLATED)
clkbuf_leaf_55_clk/X                     10     11        (VIOLATED)
clkbuf_leaf_56_clk/X                     10     11        (VIOLATED)
clkbuf_leaf_65_clk/X                     10     11        (VIOLATED)
clkbuf_leaf_6_clk/X                      10     11        (VIOLATED)
clkbuf_leaf_81_clk/X                     10     11        (VIOLATED)
clkbuf_leaf_84_clk/X                     10     11        (VIOLATED)
clkbuf_leaf_88_clk/X                     10     11        (VIOLATED)
clkbuf_leaf_99_clk/X                     10     11        (VIOLATED)



===========================================================================
report_parasitic_annotation -report_unannotated
============================================================================
Found 0 unannotated drivers.
Found 0 partially unannotated drivers.

===========================================================================
max slew violation count 35
max fanout violation count 373
max cap violation count 0
============================================================================

===========================================================================
check_setup -verbose -unconstrained_endpoints -multiple_clock -no_clock -no_input_delay -loops -generated_clocks
===========================================================================
